org/bahmni/module/bahmnicore/web/v1_0/mapper/BahmniPatientContextMapper.class
org/bahmni/module/bahmnicore/web/v1_0/search/BahmniLocationSearchHandler.class
org/bahmni/module/bahmnicore/web/v1_0/controller/display/controls/BahmniPatientContextController.class
org/bahmni/module/bahmnicore/web/v1_0/controller/BahmniEncounterController.class
org/bahmni/module/bahmnicore/web/v1_0/controller/GlobalPropertySearchController.class
org/bahmni/module/bahmnicore/web/v1_0/controller/display/controls/BahmniObservationsController.class
org/bahmni/module/bahmnicore/web/v1_0/controller/search/BahmniMpiPatientSearchController.class
org/bahmni/module/bahmnicore/web/v1_0/controller/BahmniConfigController.class
org/bahmni/module/bahmnicore/web/v1_0/controller/BahmniVisitLocationController.class
org/bahmni/module/bahmnicore/web/v1_0/mapper/EntityMapper.class
org/bahmni/module/bahmnicore/web/v1_0/controller/BahmniOrderController.class
org/bahmni/module/bahmnicore/web/v1_0/controller/AdminImportController$NewMRSConnectionProvider.class
org/bahmni/module/bahmnicore/web/v1_0/controller/AdminExportController.class
org/bahmni/module/bahmnicore/web/v1_0/controller/BahmniDrugOrderController.class
org/bahmni/module/bahmnicore/web/v1_0/search/BahmniDrugSearchHandler.class
org/bahmni/module/bahmnicore/web/v1_0/search/ConceptSetBasedDrugSearchHandler.class
org/bahmni/module/bahmnicore/web/v1_0/controller/search/BahmniPatientSearchController.class
org/bahmni/module/bahmnicore/web/v1_0/controller/BahmniDrugOrderController$1.class
org/openmrs/module/bahmnicore/web/v1_0/resource/PatientProgramAttributeResource.class
org/bahmni/module/bahmnicore/web/v1_0/controller/BahmniPatientProfileResource$2.class
org/bahmni/module/bahmnicore/web/v1_0/controller/BahmniVisitController.class
org/bahmni/module/bahmnicore/web/v1_0/search/EntityMappingSearchHandler.class
org/openmrs/module/bahmnicore/web/v1_0/resource/BahmniConceptResource.class
org/bahmni/module/bahmnicore/web/v1_0/controller/search/PersonAttributeSearchController.class
org/bahmni/module/bahmnicore/web/v1_0/controller/BahmniTrendsController.class
org/bahmni/module/bahmnicore/web/v1_0/mapper/DrugOrderToRegimenMapper.class
org/bahmni/module/bahmnicore/web/v1_0/controller/display/controls/DrugOGramController.class
org/bahmni/module/bahmnicore/web/v1_0/controller/BahmniDischargeController.class
org/openmrs/module/bahmnicore/web/v1_0/resource/BahmniOrderResource.class
org/bahmni/module/bahmnicore/web/v1_0/controller/BahmniDiagnosisController.class
org/bahmni/module/bahmnicore/web/v1_0/controller/search/PersonNameSearchController.class
org/bahmni/module/bahmnicore/web/v1_0/controller/ObsRelationshipController.class
org/bahmni/module/bahmnicore/web/v1_0/mapper/BahmniObservationsToTabularViewMapper$1.class
org/bahmni/module/bahmnicore/web/v1_0/controller/BahmniDispositionController.class
org/bahmni/module/bahmnicore/web/filter/LocaleFilter.class
org/bahmni/module/bahmnicore/web/v1_0/search/OrderSearchHandler.class
org/bahmni/module/bahmnicore/web/v1_0/controller/BahmniPatientProfileResource.class
org/bahmni/module/bahmnicore/web/v1_0/VisitClosedException.class
org/bahmni/module/bahmnicore/web/v1_0/controller/BahmniPatientIdentifierController.class
org/openmrs/module/bahmnicore/web/v1_0/resource/BahmniConceptAnswerResource.class
org/bahmni/module/bahmnicore/web/v1_0/controller/BahmniDiseaseSummaryController.class
org/bahmni/module/bahmnicore/web/v1_0/InvalidInputException.class
org/bahmni/module/bahmnicore/web/v1_0/controller/AdminImportController$1.class
org/bahmni/module/bahmnicore/web/v1_0/contract/CDAEncounterDocument.class
org/openmrs/module/bahmnicore/web/v1_0/resource/EntityMappingResource.class
org/bahmni/module/bahmnicore/web/v1_0/controller/BahmniPatientProfileResource$1.class
org/bahmni/module/bahmnicore/web/v1_0/search/OrderSetSearchHandler.class
org/bahmni/module/bahmnicore/web/v1_0/controller/VisitDocumentController.class
org/openmrs/module/bahmnicore/web/v1_0/resource/BahmniEncounterResource.class
org/bahmni/module/bahmnicore/web/v1_0/controller/SqlSearchController.class
org/bahmni/module/bahmnicore/web/v1_0/mapper/BahmniObservationsToTabularViewMapper.class
org/openmrs/module/bahmnicore/web/v1_0/resource/BahmniOrderSetMemberSubResource.class
org/bahmni/module/bahmnicore/web/v1_0/contract/PatientContract.class
org/openmrs/module/bahmnicore/web/v1_0/resource/BahmniDrugResource.class
org/bahmni/module/bahmnicore/web/v1_0/controller/TasksMonitoringController.class
org/bahmni/module/bahmnicore/web/v1_0/controller/AdminImportController.class
org/bahmni/module/bahmnicore/web/v1_0/contract/CDADummyDoc.class
org/bahmni/module/bahmnicore/web/v1_0/controller/display/controls/ObsToObsTabularFlowSheetController.class
org/bahmni/module/bahmnicore/web/v1_0/contract/AssignIdentifierRequest.class
org/bahmni/module/bahmnicore/web/v1_0/search/BacteriologySpecimenSearchHandler.class
org/bahmni/module/bahmnicore/web/filter/CacheHeadersFilter.class
org/bahmni/module/bahmnicore/web/v1_0/controller/AdminImportController$CurrentThreadConnectionProvider.class
org/bahmni/module/bahmnicore/web/v1_0/search/BahmniConceptSearchByDataTypeHandler.class
org/bahmni/module/bahmnicore/web/v1_0/contract/PatientContract$JsonDateSerializer.class
org/bahmni/module/bahmnicore/web/v1_0/search/BahmniConceptAnswerSearchHandler.class
org/bahmni/module/bahmnicore/web/v1_0/contract/CDAEncounterDocument$FlowSheetSummary.class
org/openmrs/module/bahmnicore/web/v1_0/resource/ProgramAttributeTypeResource.class
org/bahmni/module/bahmnicore/web/v1_0/controller/BahmniSharedHealthRecordController.class
org/bahmni/module/bahmnicore/web/v1_0/mapper/CustomObjectMapper.class
org/bahmni/module/bahmnicore/web/v1_0/controller/WhoamiController.class
org/bahmni/module/bahmnicore/web/v1_0/contract/CDAEncounterDocument$Vitals.class
org/bahmni/module/bahmnicore/web/v1_0/controller/BahmniAddressHierarchyController.class
org/bahmni/module/bahmnicore/web/v1_0/controller/BahmniEncounterModifierController.class
org/bahmni/module/bahmnicore/web/v1_0/controller/BahmniPatientImageController.class
org/bahmni/module/bahmnicore/web/v1_0/controller/DiseaseTemplateController.class
org/bahmni/module/bahmnicore/web/v1_0/contract/SharedHealthRecordSearchParams.class
org/openmrs/module/bahmnicore/web/v1_0/resource/BahmniProgramEnrollmentResource.class
org/openmrs/module/bahmnicore/web/v1_0/resource/BahmniObsResource.class
org/bahmni/module/bahmnicore/web/v1_0/search/VisitFormsSearchHandler.class
org/openmrs/module/bahmnicore/web/v1_0/resource/BahmniOrderSetResource.class
org/bahmni/module/bahmnicore/web/v1_0/search/BahmniConceptSearchHandler.class
org/bahmni/module/bahmnicore/web/v1_0/controller/display/controls/BahmniLabOrderResultController.class
org/bahmni/module/bahmnicore/web/v1_0/contract/BahmniConceptAnswer.class
org/bahmni/module/bahmnicore/web/v1_0/controller/DoseCalculatorController.class
