/home/ubuntu/openmrs-modules/openmrs-module-bahmnicore/bahmnicore-omod/src/main/java/org/openmrs/module/bahmnicore/web/v1_0/resource/BahmniObsResource.java
/home/ubuntu/openmrs-modules/openmrs-module-bahmnicore/bahmnicore-omod/src/main/java/org/bahmni/module/bahmnicore/web/v1_0/search/OrderSearchHandler.java
/home/ubuntu/openmrs-modules/openmrs-module-bahmnicore/bahmnicore-omod/src/main/java/org/bahmni/module/bahmnicore/web/v1_0/controller/WhoamiController.java
/home/ubuntu/openmrs-modules/openmrs-module-bahmnicore/bahmnicore-omod/src/main/java/org/bahmni/module/bahmnicore/web/v1_0/contract/AssignIdentifierRequest.java
/home/ubuntu/openmrs-modules/openmrs-module-bahmnicore/bahmnicore-omod/src/main/java/org/bahmni/module/bahmnicore/web/v1_0/search/BahmniConceptAnswerSearchHandler.java
/home/ubuntu/openmrs-modules/openmrs-module-bahmnicore/bahmnicore-omod/src/main/java/org/bahmni/module/bahmnicore/web/v1_0/controller/SqlSearchController.java
/home/ubuntu/openmrs-modules/openmrs-module-bahmnicore/bahmnicore-omod/src/main/java/org/openmrs/module/bahmnicore/web/v1_0/resource/PatientProgramAttributeResource.java
/home/ubuntu/openmrs-modules/openmrs-module-bahmnicore/bahmnicore-omod/src/main/java/org/bahmni/module/bahmnicore/web/v1_0/controller/search/PersonNameSearchController.java
/home/ubuntu/openmrs-modules/openmrs-module-bahmnicore/bahmnicore-omod/src/main/java/org/bahmni/module/bahmnicore/web/v1_0/contract/SharedHealthRecordSearchParams.java
/home/ubuntu/openmrs-modules/openmrs-module-bahmnicore/bahmnicore-omod/src/main/java/org/bahmni/module/bahmnicore/web/v1_0/mapper/DrugOrderToRegimenMapper.java
/home/ubuntu/openmrs-modules/openmrs-module-bahmnicore/bahmnicore-omod/src/main/java/org/bahmni/module/bahmnicore/web/v1_0/search/BacteriologySpecimenSearchHandler.java
/home/ubuntu/openmrs-modules/openmrs-module-bahmnicore/bahmnicore-omod/src/main/java/org/bahmni/module/bahmnicore/web/v1_0/controller/display/controls/ObsToObsTabularFlowSheetController.java
/home/ubuntu/openmrs-modules/openmrs-module-bahmnicore/bahmnicore-omod/src/main/java/org/bahmni/module/bahmnicore/web/v1_0/controller/BahmniTrendsController.java
/home/ubuntu/openmrs-modules/openmrs-module-bahmnicore/bahmnicore-omod/src/main/java/org/bahmni/module/bahmnicore/web/v1_0/search/BahmniConceptSearchHandler.java
/home/ubuntu/openmrs-modules/openmrs-module-bahmnicore/bahmnicore-omod/src/main/java/org/bahmni/module/bahmnicore/web/v1_0/controller/search/BahmniMpiPatientSearchController.java
/home/ubuntu/openmrs-modules/openmrs-module-bahmnicore/bahmnicore-omod/src/main/java/org/bahmni/module/bahmnicore/web/v1_0/controller/VisitDocumentController.java
/home/ubuntu/openmrs-modules/openmrs-module-bahmnicore/bahmnicore-omod/src/main/java/org/bahmni/module/bahmnicore/web/v1_0/controller/BahmniEncounterModifierController.java
/home/ubuntu/openmrs-modules/openmrs-module-bahmnicore/bahmnicore-omod/src/main/java/org/openmrs/module/bahmnicore/web/v1_0/resource/BahmniProgramEnrollmentResource.java
/home/ubuntu/openmrs-modules/openmrs-module-bahmnicore/bahmnicore-omod/src/main/java/org/openmrs/module/bahmnicore/web/v1_0/resource/ProgramAttributeTypeResource.java
/home/ubuntu/openmrs-modules/openmrs-module-bahmnicore/bahmnicore-omod/src/main/java/org/bahmni/module/bahmnicore/web/v1_0/controller/BahmniDischargeController.java
/home/ubuntu/openmrs-modules/openmrs-module-bahmnicore/bahmnicore-omod/src/main/java/org/bahmni/module/bahmnicore/web/filter/LocaleFilter.java
/home/ubuntu/openmrs-modules/openmrs-module-bahmnicore/bahmnicore-omod/src/main/java/org/bahmni/module/bahmnicore/web/v1_0/contract/PatientContract.java
/home/ubuntu/openmrs-modules/openmrs-module-bahmnicore/bahmnicore-omod/src/main/java/org/bahmni/module/bahmnicore/web/v1_0/mapper/EntityMapper.java
/home/ubuntu/openmrs-modules/openmrs-module-bahmnicore/bahmnicore-omod/src/main/java/org/bahmni/module/bahmnicore/web/v1_0/controller/BahmniDiagnosisController.java
/home/ubuntu/openmrs-modules/openmrs-module-bahmnicore/bahmnicore-omod/src/main/java/org/bahmni/module/bahmnicore/web/v1_0/search/OrderSetSearchHandler.java
/home/ubuntu/openmrs-modules/openmrs-module-bahmnicore/bahmnicore-omod/src/main/java/org/bahmni/module/bahmnicore/web/v1_0/VisitClosedException.java
/home/ubuntu/openmrs-modules/openmrs-module-bahmnicore/bahmnicore-omod/src/main/java/org/bahmni/module/bahmnicore/web/v1_0/controller/AdminImportController.java
/home/ubuntu/openmrs-modules/openmrs-module-bahmnicore/bahmnicore-omod/src/main/java/org/bahmni/module/bahmnicore/web/v1_0/controller/display/controls/BahmniPatientContextController.java
/home/ubuntu/openmrs-modules/openmrs-module-bahmnicore/bahmnicore-omod/src/main/java/org/bahmni/module/bahmnicore/web/v1_0/controller/DiseaseTemplateController.java
/home/ubuntu/openmrs-modules/openmrs-module-bahmnicore/bahmnicore-omod/src/main/java/org/bahmni/module/bahmnicore/web/v1_0/controller/search/PersonAttributeSearchController.java
/home/ubuntu/openmrs-modules/openmrs-module-bahmnicore/bahmnicore-omod/src/main/java/org/bahmni/module/bahmnicore/web/v1_0/mapper/BahmniPatientContextMapper.java
/home/ubuntu/openmrs-modules/openmrs-module-bahmnicore/bahmnicore-omod/src/main/java/org/bahmni/module/bahmnicore/web/v1_0/mapper/BahmniObservationsToTabularViewMapper.java
/home/ubuntu/openmrs-modules/openmrs-module-bahmnicore/bahmnicore-omod/src/main/java/org/bahmni/module/bahmnicore/web/v1_0/contract/CDADummyDoc.java
/home/ubuntu/openmrs-modules/openmrs-module-bahmnicore/bahmnicore-omod/src/main/java/org/bahmni/module/bahmnicore/web/v1_0/search/VisitFormsSearchHandler.java
/home/ubuntu/openmrs-modules/openmrs-module-bahmnicore/bahmnicore-omod/src/main/java/org/openmrs/module/bahmnicore/web/v1_0/resource/EntityMappingResource.java
/home/ubuntu/openmrs-modules/openmrs-module-bahmnicore/bahmnicore-omod/src/main/java/org/bahmni/module/bahmnicore/web/v1_0/controller/DoseCalculatorController.java
/home/ubuntu/openmrs-modules/openmrs-module-bahmnicore/bahmnicore-omod/src/main/java/org/bahmni/module/bahmnicore/web/v1_0/search/ConceptSetBasedDrugSearchHandler.java
/home/ubuntu/openmrs-modules/openmrs-module-bahmnicore/bahmnicore-omod/src/main/java/org/bahmni/module/bahmnicore/web/v1_0/controller/BahmniDrugOrderController.java
/home/ubuntu/openmrs-modules/openmrs-module-bahmnicore/bahmnicore-omod/src/main/java/org/bahmni/module/bahmnicore/web/v1_0/controller/BahmniVisitLocationController.java
/home/ubuntu/openmrs-modules/openmrs-module-bahmnicore/bahmnicore-omod/src/main/java/org/openmrs/module/bahmnicore/web/v1_0/resource/BahmniDrugResource.java
/home/ubuntu/openmrs-modules/openmrs-module-bahmnicore/bahmnicore-omod/src/main/java/org/bahmni/module/bahmnicore/web/v1_0/controller/GlobalPropertySearchController.java
/home/ubuntu/openmrs-modules/openmrs-module-bahmnicore/bahmnicore-omod/src/main/java/org/bahmni/module/bahmnicore/web/v1_0/mapper/CustomObjectMapper.java
/home/ubuntu/openmrs-modules/openmrs-module-bahmnicore/bahmnicore-omod/src/main/java/org/bahmni/module/bahmnicore/web/v1_0/controller/BahmniConfigController.java
/home/ubuntu/openmrs-modules/openmrs-module-bahmnicore/bahmnicore-omod/src/main/java/org/bahmni/module/bahmnicore/web/v1_0/search/BahmniDrugSearchHandler.java
/home/ubuntu/openmrs-modules/openmrs-module-bahmnicore/bahmnicore-omod/src/main/java/org/openmrs/module/bahmnicore/web/v1_0/resource/BahmniConceptResource.java
/home/ubuntu/openmrs-modules/openmrs-module-bahmnicore/bahmnicore-omod/src/main/java/org/bahmni/module/bahmnicore/web/v1_0/controller/search/BahmniPatientSearchController.java
/home/ubuntu/openmrs-modules/openmrs-module-bahmnicore/bahmnicore-omod/src/main/java/org/bahmni/module/bahmnicore/web/v1_0/InvalidInputException.java
/home/ubuntu/openmrs-modules/openmrs-module-bahmnicore/bahmnicore-omod/src/main/java/org/bahmni/module/bahmnicore/web/v1_0/search/EntityMappingSearchHandler.java
/home/ubuntu/openmrs-modules/openmrs-module-bahmnicore/bahmnicore-omod/src/main/java/org/bahmni/module/bahmnicore/web/filter/CacheHeadersFilter.java
/home/ubuntu/openmrs-modules/openmrs-module-bahmnicore/bahmnicore-omod/src/main/java/org/bahmni/module/bahmnicore/web/v1_0/controller/BahmniAddressHierarchyController.java
/home/ubuntu/openmrs-modules/openmrs-module-bahmnicore/bahmnicore-omod/src/main/java/org/bahmni/module/bahmnicore/web/v1_0/contract/BahmniConceptAnswer.java
/home/ubuntu/openmrs-modules/openmrs-module-bahmnicore/bahmnicore-omod/src/main/java/org/openmrs/module/bahmnicore/web/v1_0/resource/BahmniOrderResource.java
/home/ubuntu/openmrs-modules/openmrs-module-bahmnicore/bahmnicore-omod/src/main/java/org/bahmni/module/bahmnicore/web/v1_0/controller/BahmniSharedHealthRecordController.java
/home/ubuntu/openmrs-modules/openmrs-module-bahmnicore/bahmnicore-omod/src/main/java/org/bahmni/module/bahmnicore/web/v1_0/controller/TasksMonitoringController.java
/home/ubuntu/openmrs-modules/openmrs-module-bahmnicore/bahmnicore-omod/src/main/java/org/bahmni/module/bahmnicore/web/v1_0/controller/BahmniDispositionController.java
/home/ubuntu/openmrs-modules/openmrs-module-bahmnicore/bahmnicore-omod/src/main/java/org/bahmni/module/bahmnicore/web/v1_0/controller/ObsRelationshipController.java
/home/ubuntu/openmrs-modules/openmrs-module-bahmnicore/bahmnicore-omod/src/main/java/org/bahmni/module/bahmnicore/web/v1_0/controller/BahmniVisitController.java
/home/ubuntu/openmrs-modules/openmrs-module-bahmnicore/bahmnicore-omod/src/main/java/org/bahmni/module/bahmnicore/web/v1_0/controller/BahmniPatientProfileResource.java
/home/ubuntu/openmrs-modules/openmrs-module-bahmnicore/bahmnicore-omod/src/main/java/org/openmrs/module/bahmnicore/web/v1_0/resource/BahmniConceptAnswerResource.java
/home/ubuntu/openmrs-modules/openmrs-module-bahmnicore/bahmnicore-omod/src/main/java/org/openmrs/module/bahmnicore/web/v1_0/resource/BahmniEncounterResource.java
/home/ubuntu/openmrs-modules/openmrs-module-bahmnicore/bahmnicore-omod/src/main/java/org/bahmni/module/bahmnicore/web/v1_0/controller/BahmniPatientIdentifierController.java
/home/ubuntu/openmrs-modules/openmrs-module-bahmnicore/bahmnicore-omod/src/main/java/org/bahmni/module/bahmnicore/web/v1_0/search/BahmniConceptSearchByDataTypeHandler.java
/home/ubuntu/openmrs-modules/openmrs-module-bahmnicore/bahmnicore-omod/src/main/java/org/bahmni/module/bahmnicore/web/v1_0/contract/CDAEncounterDocument.java
/home/ubuntu/openmrs-modules/openmrs-module-bahmnicore/bahmnicore-omod/src/main/java/org/openmrs/module/bahmnicore/web/v1_0/resource/BahmniOrderSetResource.java
/home/ubuntu/openmrs-modules/openmrs-module-bahmnicore/bahmnicore-omod/src/main/java/org/bahmni/module/bahmnicore/web/v1_0/controller/BahmniOrderController.java
/home/ubuntu/openmrs-modules/openmrs-module-bahmnicore/bahmnicore-omod/src/main/java/org/openmrs/module/bahmnicore/web/v1_0/resource/BahmniOrderSetMemberSubResource.java
/home/ubuntu/openmrs-modules/openmrs-module-bahmnicore/bahmnicore-omod/src/main/java/org/bahmni/module/bahmnicore/web/v1_0/controller/BahmniPatientImageController.java
/home/ubuntu/openmrs-modules/openmrs-module-bahmnicore/bahmnicore-omod/src/main/java/org/bahmni/module/bahmnicore/web/v1_0/controller/BahmniEncounterController.java
/home/ubuntu/openmrs-modules/openmrs-module-bahmnicore/bahmnicore-omod/src/main/java/org/bahmni/module/bahmnicore/web/v1_0/controller/AdminExportController.java
/home/ubuntu/openmrs-modules/openmrs-module-bahmnicore/bahmnicore-omod/src/main/java/org/bahmni/module/bahmnicore/web/v1_0/controller/BahmniDiseaseSummaryController.java
/home/ubuntu/openmrs-modules/openmrs-module-bahmnicore/bahmnicore-omod/src/main/java/org/bahmni/module/bahmnicore/web/v1_0/controller/display/controls/DrugOGramController.java
/home/ubuntu/openmrs-modules/openmrs-module-bahmnicore/bahmnicore-omod/src/main/java/org/bahmni/module/bahmnicore/web/v1_0/controller/display/controls/BahmniLabOrderResultController.java
/home/ubuntu/openmrs-modules/openmrs-module-bahmnicore/bahmnicore-omod/src/main/java/org/bahmni/module/bahmnicore/web/v1_0/controller/display/controls/BahmniObservationsController.java
/home/ubuntu/openmrs-modules/openmrs-module-bahmnicore/bahmnicore-omod/src/main/java/org/bahmni/module/bahmnicore/web/v1_0/search/BahmniLocationSearchHandler.java
