org/bahmni/module/bahmnicore/web/v1_0/controller/display/controls/BahmniPatientContextControllerTest.class
org/bahmni/module/bahmnicore/web/v1_0/controller/BahmniEncounterControllerIT$5$1.class
org/bahmni/module/bahmnicore/web/v1_0/controller/BahmniPatientProfileResourceTest.class
org/bahmni/module/bahmnicore/web/v1_0/mapper/DrugOrderToRegimenMapperTest.class
org/bahmni/module/bahmnicore/web/v1_0/controller/search/PersonNameSearchControllerTest.class
org/bahmni/module/bahmnicore/web/v1_0/BahmniVisitControllerTest.class
org/bahmni/module/bahmnicore/web/v1_0/controller/DiseaseTemplateControllerIT$1.class
org/bahmni/module/bahmnicore/web/v1_0/search/BahmniMainResourceControllerTest.class
org/bahmni/module/bahmnicore/web/v1_0/controller/BahmniDispositionControllerIT.class
org/bahmni/module/bahmnicore/web/v1_0/controller/DiseaseTemplateControllerIT$4.class
org/openmrs/module/bahmnicore/web/v1_0/resource/BahmniOrderSetMemberControllerIT.class
org/bahmni/module/bahmnicore/web/v1_0/controller/GlobalPropertySearchControllerTest.class
org/openmrs/module/bahmnicore/web/v1_0/resource/BahmniProgramEnrollmentResourceTest.class
org/bahmni/module/bahmnicore/web/v1_0/controller/ObsRelationshipControllerIT.class
org/bahmni/module/bahmnicore/web/v1_0/controller/display/controls/BahmniPatientContextControllerIT.class
org/bahmni/module/bahmnicore/web/v1_0/controller/BahmniDischargeControllerTest.class
org/bahmni/module/bahmnicore/web/v1_0/search/VisitFormsSearchHandlerTest.class
org/bahmni/module/bahmnicore/web/v1_0/search/BahmniConceptAnswerSearchHandlerTest.class
org/bahmni/module/bahmnicore/web/v1_0/controller/BahmniConfigControllerIT$2.class
org/bahmni/module/bahmnicore/web/v1_0/controller/BahmniEncounterControllerIT$4.class
org/bahmni/module/bahmnicore/web/v1_0/mapper/BahmniObservationsToTabularViewMapperTest.class
org/bahmni/module/bahmnicore/web/v1_0/search/EntityMappingSearchHandlerTest.class
org/bahmni/module/bahmnicore/web/v1_0/controller/BahmniEncounterControllerIT$2$1.class
org/bahmni/module/bahmnicore/web/v1_0/controller/BahmniEncounterControllerIT$1.class
org/bahmni/module/bahmnicore/web/v1_0/controller/search/PersonAttributeSearchControllerTest.class
org/bahmni/module/bahmnicore/web/v1_0/controller/BahmniPatientImageControllerTest.class
org/bahmni/module/bahmnicore/web/v1_0/controller/WhoamiControllerIT.class
org/openmrs/module/bahmnicore/web/v1_0/resource/BahmniOrderResourceITBahmni.class
org/bahmni/module/bahmnicore/web/v1_0/controller/BahmniEncounterControllerIT$4$1.class
org/bahmni/module/bahmnicore/web/v1_0/controller/WhoamiControllerIT$1.class
org/bahmni/module/bahmnicore/web/v1_0/controller/DiseaseTemplateControllerIT.class
org/bahmni/module/bahmnicore/web/v1_0/controller/BahmniEncounterControllerIT.class
org/bahmni/module/bahmnicore/web/v1_0/controller/VisitDocumentControllerIT.class
org/bahmni/module/bahmnicore/web/v1_0/search/BacteriologySpecimenSearchHandlerIT.class
org/openmrs/module/bahmnicore/web/v1_0/resource/BahmniProgramEnrollmentResourceITBahmni.class
org/openmrs/module/bahmnicore/web/v1_0/resource/BahmniOrderSetControllerTestIT.class
org/openmrs/module/bahmnicore/web/v1_0/resource/ProgramAttributeTypeResourceTest.class
org/bahmni/module/bahmnicore/web/v1_0/controller/BahmniEncounterControllerTest.class
org/bahmni/module/bahmnicore/web/v1_0/mapper/BahmniPatientContextMapperTest.class
org/bahmni/module/bahmnicore/web/v1_0/search/VisitFormsSearchHandlerIT.class
org/bahmni/module/bahmnicore/web/v1_0/controller/BahmniVisitControllerIT.class
org/bahmni/module/bahmnicore/web/v1_0/search/OrderSetSearchHandlerIT.class
org/bahmni/module/bahmnicore/web/v1_0/controller/display/controls/DrugOGramControllerTest.class
org/bahmni/module/bahmnicore/web/v1_0/mapper/BahmniDrugOrderMapperTest.class
org/bahmni/module/bahmnicore/web/v1_0/search/OrderSetSearchHandlerTest.class
org/bahmni/module/bahmnicore/web/v1_0/controller/DoseCalculatorControllerTest.class
org/bahmni/module/bahmnicore/web/v1_0/controller/BahmniEncounterControllerIT$2.class
org/bahmni/module/bahmnicore/web/v1_0/controller/display/controls/ObsToObsTabularFlowSheetControllerTest.class
org/bahmni/module/bahmnicore/web/v1_0/controller/BahmniTrendsControllerTest.class
org/bahmni/module/bahmnicore/web/v1_0/controller/BahmniEncounterControllerIT$5.class
org/bahmni/module/bahmnicore/web/v1_0/search/EntityMappingSearchHandlerIT.class
org/bahmni/module/bahmnicore/web/v1_0/search/BahmniConceptSearchByDataTypeHandlerIT.class
org/bahmni/module/bahmnicore/web/v1_0/controller/BahmniObservationsControllerTest.class
org/bahmni/module/bahmnicore/web/v1_0/controller/BahmniConfigControllerIT$1.class
org/bahmni/module/bahmnicore/web/v1_0/controller/DiseaseTemplateControllerIT$2.class
org/bahmni/module/bahmnicore/web/v1_0/controller/BahmniPatientProfileResourceIT.class
org/bahmni/module/bahmnicore/web/v1_0/BaseIntegrationTest.class
org/bahmni/module/bahmnicore/web/v1_0/mapper/DrugOrderToTreatmentRegimenMapperTest.class
org/bahmni/module/bahmnicore/web/v1_0/search/BahmniMainResourceControllerTest$Parameter.class
org/bahmni/module/bahmnicore/web/v1_0/controller/BahmniOrderControllerTest.class
org/bahmni/module/bahmnicore/web/v1_0/controller/VisitDocumentControllerTest.class
org/openmrs/module/bahmnicore/web/v1_0/resource/PatientProgramAttributeResourceTest.class
org/bahmni/module/bahmnicore/web/v1_0/controller/DiseaseTemplateControllerIT$3.class
org/bahmni/module/bahmnicore/web/v1_0/controller/BahmniVisitLocationControllerIT.class
org/bahmni/module/bahmnicore/web/v1_0/search/ConceptSetBasedDrugSearchHandlerIT.class
org/bahmni/module/bahmnicore/web/v1_0/controller/BahmniConfigControllerIT.class
org/bahmni/module/bahmnicore/web/v1_0/controller/BahmniDrugOrderControllerIT.class
org/openmrs/module/bahmnicore/web/v1_0/resource/RestConstants.class
org/bahmni/module/bahmnicore/web/v1_0/controller/display/controls/ObsToObsTabularFlowSheetControllerIT.class
org/bahmni/module/bahmnicore/web/v1_0/search/BahmniConceptAnswerSearchHandlerIT.class
org/bahmni/module/bahmnicore/web/v1_0/controller/BahmniDrugOrderControllerTest.class
org/bahmni/module/bahmnicore/web/v1_0/controller/BahmniLabOrderResultControllerIT.class
org/bahmni/module/bahmnicore/web/v1_0/search/BahmniConceptSearchByDataTypeHandlerTest.class
org/bahmni/module/bahmnicore/web/v1_0/mapper/DrugOrderToRegimenMapperTest$DrugOrderData.class
org/bahmni/module/bahmnicore/web/v1_0/controller/display/controls/DrugOGramControllerIT.class
org/bahmni/module/bahmnicore/web/v1_0/controller/BahmniAddressHierarchyControllerIT.class
org/bahmni/module/bahmnicore/web/v1_0/mapper/DrugOrderToRegimenMapperTest$1.class
org/bahmni/module/bahmnicore/web/v1_0/controller/BahmniEncounterControllerIT$3.class
org/bahmni/module/bahmnicore/web/v1_0/controller/BahmniLabOrderResultControllerTest.class
org/bahmni/module/bahmnicore/web/v1_0/controller/BahmniEncounterControllerIT$3$1.class
org/bahmni/module/bahmnicore/web/v1_0/search/BacteriologySpecimenSearchHandlerTest.class
org/bahmni/module/bahmnicore/web/v1_0/controller/BahmniAddressHierarchyControllerTest.class
