/home/ramohlongoana/Documents/Workspace/openmrs-module-bahmnicore-092/bahmnicore-omod/src/test/java/org/bahmni/module/bahmnicore/web/v1_0/controller/display/controls/DrugOGramControllerTest.java
/home/ramohlongoana/Documents/Workspace/openmrs-module-bahmnicore-092/bahmnicore-omod/src/test/java/org/bahmni/module/bahmnicore/web/v1_0/controller/GlobalPropertySearchControllerTest.java
/home/ramohlongoana/Documents/Workspace/openmrs-module-bahmnicore-092/bahmnicore-omod/src/test/java/org/bahmni/module/bahmnicore/web/v1_0/search/BahmniConceptSearchByDataTypeHandlerTest.java
/home/ramohlongoana/Documents/Workspace/openmrs-module-bahmnicore-092/bahmnicore-omod/src/test/java/org/bahmni/module/bahmnicore/web/v1_0/controller/BahmniConfigControllerIT.java
/home/ramohlongoana/Documents/Workspace/openmrs-module-bahmnicore-092/bahmnicore-omod/src/test/java/org/bahmni/module/bahmnicore/web/v1_0/controller/WhoamiControllerIT.java
/home/ramohlongoana/Documents/Workspace/openmrs-module-bahmnicore-092/bahmnicore-omod/src/test/java/org/bahmni/module/bahmnicore/web/v1_0/controller/BahmniPatientProfileResourceTest.java
/home/ramohlongoana/Documents/Workspace/openmrs-module-bahmnicore-092/bahmnicore-omod/src/test/java/org/bahmni/module/bahmnicore/web/v1_0/controller/DoseCalculatorControllerTest.java
/home/ramohlongoana/Documents/Workspace/openmrs-module-bahmnicore-092/bahmnicore-omod/src/test/java/org/bahmni/module/bahmnicore/web/v1_0/search/BahmniConceptAnswerSearchHandlerTest.java
/home/ramohlongoana/Documents/Workspace/openmrs-module-bahmnicore-092/bahmnicore-omod/src/test/java/org/bahmni/module/bahmnicore/web/v1_0/controller/display/controls/ObsToObsTabularFlowSheetControllerTest.java
/home/ramohlongoana/Documents/Workspace/openmrs-module-bahmnicore-092/bahmnicore-omod/src/test/java/org/bahmni/module/bahmnicore/web/v1_0/controller/BahmniVisitLocationControllerIT.java
/home/ramohlongoana/Documents/Workspace/openmrs-module-bahmnicore-092/bahmnicore-omod/src/test/java/org/bahmni/module/bahmnicore/web/v1_0/controller/BahmniObservationsControllerTest.java
/home/ramohlongoana/Documents/Workspace/openmrs-module-bahmnicore-092/bahmnicore-omod/src/test/java/org/bahmni/module/bahmnicore/web/v1_0/controller/search/PersonNameSearchControllerTest.java
/home/ramohlongoana/Documents/Workspace/openmrs-module-bahmnicore-092/bahmnicore-omod/src/test/java/org/bahmni/module/bahmnicore/web/v1_0/mapper/DrugOrderToTreatmentRegimenMapperTest.java
/home/ramohlongoana/Documents/Workspace/openmrs-module-bahmnicore-092/bahmnicore-omod/src/test/java/org/bahmni/module/bahmnicore/web/v1_0/mapper/DrugOrderToRegimenMapperTest.java
/home/ramohlongoana/Documents/Workspace/openmrs-module-bahmnicore-092/bahmnicore-omod/src/test/java/org/bahmni/module/bahmnicore/web/v1_0/controller/display/controls/ObsToObsTabularFlowSheetControllerIT.java
/home/ramohlongoana/Documents/Workspace/openmrs-module-bahmnicore-092/bahmnicore-omod/src/test/java/org/bahmni/module/bahmnicore/web/v1_0/mapper/BahmniPatientContextMapperTest.java
/home/ramohlongoana/Documents/Workspace/openmrs-module-bahmnicore-092/bahmnicore-omod/src/test/java/org/bahmni/module/bahmnicore/web/v1_0/search/EntityMappingSearchHandlerIT.java
/home/ramohlongoana/Documents/Workspace/openmrs-module-bahmnicore-092/bahmnicore-omod/src/test/java/org/bahmni/module/bahmnicore/web/v1_0/controller/BahmniDischargeControllerTest.java
/home/ramohlongoana/Documents/Workspace/openmrs-module-bahmnicore-092/bahmnicore-omod/src/test/java/org/openmrs/module/bahmnicore/web/v1_0/resource/ProgramAttributeTypeResourceTest.java
/home/ramohlongoana/Documents/Workspace/openmrs-module-bahmnicore-092/bahmnicore-omod/src/test/java/org/openmrs/module/bahmnicore/web/v1_0/resource/BahmniOrderResourceITBahmni.java
/home/ramohlongoana/Documents/Workspace/openmrs-module-bahmnicore-092/bahmnicore-omod/src/test/java/org/bahmni/module/bahmnicore/web/v1_0/BahmniVisitControllerTest.java
/home/ramohlongoana/Documents/Workspace/openmrs-module-bahmnicore-092/bahmnicore-omod/src/test/java/org/bahmni/module/bahmnicore/web/v1_0/controller/BahmniAddressHierarchyControllerIT.java
/home/ramohlongoana/Documents/Workspace/openmrs-module-bahmnicore-092/bahmnicore-omod/src/test/java/org/bahmni/module/bahmnicore/web/v1_0/controller/VisitDocumentControllerIT.java
/home/ramohlongoana/Documents/Workspace/openmrs-module-bahmnicore-092/bahmnicore-omod/src/test/java/org/bahmni/module/bahmnicore/web/v1_0/controller/BahmniDispositionControllerIT.java
/home/ramohlongoana/Documents/Workspace/openmrs-module-bahmnicore-092/bahmnicore-omod/src/test/java/org/bahmni/module/bahmnicore/web/v1_0/controller/BahmniLabOrderResultControllerTest.java
/home/ramohlongoana/Documents/Workspace/openmrs-module-bahmnicore-092/bahmnicore-omod/src/test/java/org/bahmni/module/bahmnicore/web/v1_0/search/BacteriologySpecimenSearchHandlerTest.java
/home/ramohlongoana/Documents/Workspace/openmrs-module-bahmnicore-092/bahmnicore-omod/src/test/java/org/bahmni/module/bahmnicore/web/v1_0/controller/BahmniTrendsControllerTest.java
/home/ramohlongoana/Documents/Workspace/openmrs-module-bahmnicore-092/bahmnicore-omod/src/test/java/org/bahmni/module/bahmnicore/web/v1_0/controller/BahmniVisitControllerIT.java
/home/ramohlongoana/Documents/Workspace/openmrs-module-bahmnicore-092/bahmnicore-omod/src/test/java/org/bahmni/module/bahmnicore/web/v1_0/search/BahmniConceptSearchByDataTypeHandlerIT.java
/home/ramohlongoana/Documents/Workspace/openmrs-module-bahmnicore-092/bahmnicore-omod/src/test/java/org/bahmni/module/bahmnicore/web/v1_0/controller/BahmniLabOrderResultControllerIT.java
/home/ramohlongoana/Documents/Workspace/openmrs-module-bahmnicore-092/bahmnicore-omod/src/test/java/org/openmrs/module/bahmnicore/web/v1_0/resource/BahmniProgramEnrollmentResourceITBahmni.java
/home/ramohlongoana/Documents/Workspace/openmrs-module-bahmnicore-092/bahmnicore-omod/src/test/java/org/bahmni/module/bahmnicore/web/v1_0/controller/ObsRelationshipControllerIT.java
/home/ramohlongoana/Documents/Workspace/openmrs-module-bahmnicore-092/bahmnicore-omod/src/test/java/org/bahmni/module/bahmnicore/web/v1_0/search/BacteriologySpecimenSearchHandlerIT.java
/home/ramohlongoana/Documents/Workspace/openmrs-module-bahmnicore-092/bahmnicore-omod/src/test/java/org/bahmni/module/bahmnicore/web/v1_0/controller/search/PersonAttributeSearchControllerTest.java
/home/ramohlongoana/Documents/Workspace/openmrs-module-bahmnicore-092/bahmnicore-omod/src/test/java/org/bahmni/module/bahmnicore/web/v1_0/BaseIntegrationTest.java
/home/ramohlongoana/Documents/Workspace/openmrs-module-bahmnicore-092/bahmnicore-omod/src/test/java/org/bahmni/module/bahmnicore/web/v1_0/mapper/BahmniObservationsToTabularViewMapperTest.java
/home/ramohlongoana/Documents/Workspace/openmrs-module-bahmnicore-092/bahmnicore-omod/src/test/java/org/bahmni/module/bahmnicore/web/v1_0/search/BahmniConceptAnswerSearchHandlerIT.java
/home/ramohlongoana/Documents/Workspace/openmrs-module-bahmnicore-092/bahmnicore-omod/src/test/java/org/bahmni/module/bahmnicore/web/v1_0/controller/display/controls/DrugOGramControllerIT.java
/home/ramohlongoana/Documents/Workspace/openmrs-module-bahmnicore-092/bahmnicore-omod/src/test/java/org/openmrs/module/bahmnicore/web/v1_0/resource/PatientProgramAttributeResourceTest.java
/home/ramohlongoana/Documents/Workspace/openmrs-module-bahmnicore-092/bahmnicore-omod/src/test/java/org/bahmni/module/bahmnicore/web/v1_0/search/OrderSetSearchHandlerTest.java
/home/ramohlongoana/Documents/Workspace/openmrs-module-bahmnicore-092/bahmnicore-omod/src/test/java/org/bahmni/module/bahmnicore/web/v1_0/search/BahmniMainResourceControllerTest.java
/home/ramohlongoana/Documents/Workspace/openmrs-module-bahmnicore-092/bahmnicore-omod/src/test/java/org/bahmni/module/bahmnicore/web/v1_0/controller/BahmniDrugOrderControllerTest.java
/home/ramohlongoana/Documents/Workspace/openmrs-module-bahmnicore-092/bahmnicore-omod/src/test/java/org/bahmni/module/bahmnicore/web/v1_0/controller/BahmniDrugOrderControllerIT.java
/home/ramohlongoana/Documents/Workspace/openmrs-module-bahmnicore-092/bahmnicore-omod/src/test/java/org/bahmni/module/bahmnicore/web/v1_0/controller/BahmniEncounterControllerTest.java
/home/ramohlongoana/Documents/Workspace/openmrs-module-bahmnicore-092/bahmnicore-omod/src/test/java/org/bahmni/module/bahmnicore/web/v1_0/search/VisitFormsSearchHandlerIT.java
/home/ramohlongoana/Documents/Workspace/openmrs-module-bahmnicore-092/bahmnicore-omod/src/test/java/org/bahmni/module/bahmnicore/web/v1_0/search/OrderSetSearchHandlerIT.java
/home/ramohlongoana/Documents/Workspace/openmrs-module-bahmnicore-092/bahmnicore-omod/src/test/java/org/bahmni/module/bahmnicore/web/v1_0/controller/BahmniPatientImageControllerTest.java
/home/ramohlongoana/Documents/Workspace/openmrs-module-bahmnicore-092/bahmnicore-omod/src/test/java/org/bahmni/module/bahmnicore/web/v1_0/search/EntityMappingSearchHandlerTest.java
/home/ramohlongoana/Documents/Workspace/openmrs-module-bahmnicore-092/bahmnicore-omod/src/test/java/org/bahmni/module/bahmnicore/web/v1_0/controller/DiseaseTemplateControllerIT.java
/home/ramohlongoana/Documents/Workspace/openmrs-module-bahmnicore-092/bahmnicore-omod/src/test/java/org/bahmni/module/bahmnicore/web/v1_0/controller/BahmniOrderControllerTest.java
/home/ramohlongoana/Documents/Workspace/openmrs-module-bahmnicore-092/bahmnicore-omod/src/test/java/org/bahmni/module/bahmnicore/web/v1_0/controller/VisitDocumentControllerTest.java
/home/ramohlongoana/Documents/Workspace/openmrs-module-bahmnicore-092/bahmnicore-omod/src/test/java/org/openmrs/module/bahmnicore/web/v1_0/resource/BahmniOrderSetControllerTestIT.java
/home/ramohlongoana/Documents/Workspace/openmrs-module-bahmnicore-092/bahmnicore-omod/src/test/java/org/bahmni/module/bahmnicore/web/v1_0/search/VisitFormsSearchHandlerTest.java
/home/ramohlongoana/Documents/Workspace/openmrs-module-bahmnicore-092/bahmnicore-omod/src/test/java/org/bahmni/module/bahmnicore/web/v1_0/controller/display/controls/BahmniPatientContextControllerTest.java
/home/ramohlongoana/Documents/Workspace/openmrs-module-bahmnicore-092/bahmnicore-omod/src/test/java/org/openmrs/module/bahmnicore/web/v1_0/resource/BahmniProgramEnrollmentResourceTest.java
/home/ramohlongoana/Documents/Workspace/openmrs-module-bahmnicore-092/bahmnicore-omod/src/test/java/org/bahmni/module/bahmnicore/web/v1_0/mapper/BahmniDrugOrderMapperTest.java
/home/ramohlongoana/Documents/Workspace/openmrs-module-bahmnicore-092/bahmnicore-omod/src/test/java/org/bahmni/module/bahmnicore/web/v1_0/controller/BahmniAddressHierarchyControllerTest.java
/home/ramohlongoana/Documents/Workspace/openmrs-module-bahmnicore-092/bahmnicore-omod/src/test/java/org/bahmni/module/bahmnicore/web/v1_0/search/ConceptSetBasedDrugSearchHandlerIT.java
/home/ramohlongoana/Documents/Workspace/openmrs-module-bahmnicore-092/bahmnicore-omod/src/test/java/org/bahmni/module/bahmnicore/web/v1_0/controller/BahmniPatientProfileResourceIT.java
/home/ramohlongoana/Documents/Workspace/openmrs-module-bahmnicore-092/bahmnicore-omod/src/test/java/org/bahmni/module/bahmnicore/web/v1_0/controller/display/controls/BahmniPatientContextControllerIT.java
/home/ramohlongoana/Documents/Workspace/openmrs-module-bahmnicore-092/bahmnicore-omod/src/test/java/org/openmrs/module/bahmnicore/web/v1_0/resource/RestConstants.java
/home/ramohlongoana/Documents/Workspace/openmrs-module-bahmnicore-092/bahmnicore-omod/src/test/java/org/openmrs/module/bahmnicore/web/v1_0/resource/BahmniOrderSetMemberControllerIT.java
/home/ramohlongoana/Documents/Workspace/openmrs-module-bahmnicore-092/bahmnicore-omod/src/test/java/org/bahmni/module/bahmnicore/web/v1_0/controller/BahmniEncounterControllerIT.java
